// Jest Snapshot v1, https://goo.gl/fbAQLP

exports[`Testing Components: TodoList should renders correctly 1`] = `
<ul
  className="list-group list-group-flush"
>
  <TodoItem
    handleDelete={[MockFunction]}
    handleToggle={[MockFunction]}
    index={0}
    item={
      Object {
        "desc": "Learn React",
        "done": false,
        "id": 1,
      }
    }
    key="1"
  />
  <TodoItem
    handleDelete={[MockFunction]}
    handleToggle={[MockFunction]}
    index={1}
    item={
      Object {
        "desc": "Learn CSS",
        "done": false,
        "id": 2,
      }
    }
    key="2"
  />
</ul>
`;
